Starting E2E Test...
Fetching containers...
PASS: Found container CONT-826821
Uploading document...
FAIL: Upload failed 409 - {
  "error": "Duplicate detected: This file already exists in the repository.",
  "existing_doc": {
    "filename": "test_doc.txt",
    "id": 19,
    "upload_date": "2026-01-08 13:10:50",
    "uploader": "QA_Bot"
  }
}

